ESP-ROM:esp32c6-20220919
Build:Sep 19 2022
rst:0x1 (POWERON),boot:0x4 (DOWNLOAD(USB/UART0/SDIO_FEI_FEO))
waiting for download
ESP-ROM:esp32c6-20220919
Build:Sep 19 2022
rst:0x1 (POWERON),boot:0x8 (SPI_FAST_FLASH_BOOT)
SPIWP:0xee
mode:DIO, clock div:2
load:0x40875720,len:0x1804
load:0x4086c410,len:0xde0
load:0x4086e610,len:0x2e04
entry 0x4086c41a
[0;32mI (23) boot: ESP-IDF v5.2 2nd stage bootloader[0m
[0;32mI (24) boot: compile time Mar  2 2024 13:02:41[0m
[0;32mI (24) boot: chip revision: v0.0[0m
[0;32mI (26) boot.esp32c6: SPI Speed      : 80MHz[0m
[0;32mI (31) boot.esp32c6: SPI Mode       : DIO[0m
[0;32mI (36) boot.esp32c6: SPI Flash Size : 2MB[0m
[0;32mI (40) boot: Enabling RNG early entropy source...[0m
[0;32mI (46) boot: Partition Table:[0m
[0;32mI (49) boot: ## Label            Usage          Type ST Offset   Length[0m
[0;32mI (57) boot:  0 nvs              WiFi data        01 02 00009000 00006000[0m
[0;32mI (64) boot:  1 phy_init         RF data          01 01 0000f000 00001000[0m
[0;32mI (72) boot:  2 factory          factory app      00 00 00010000 00100000[0m
[0;32mI (79) boot: End of partition table[0m
[0;32mI (83) esp_image: segment 0: paddr=00010020 vaddr=42018020 size=09e38h ( 40504) map[0m
[0;32mI (100) esp_image: segment 1: paddr=00019e60 vaddr=40800000 size=061b8h ( 25016) load[0m
[0;32mI (107) esp_image: segment 2: paddr=00020020 vaddr=42000020 size=11918h ( 71960) map[0m
[0;32mI (123) esp_image: segment 3: paddr=00031940 vaddr=408061b8 size=0567ch ( 22140) load[0m
[0;32mI (129) esp_image: segment 4: paddr=00036fc4 vaddr=4080b840 size=01268h (  4712) load[0m
[0;32mI (133) boot: Loaded app from partition at offset 0x10000[0m
[0;32mI (135) boot: Disabling RNG early entropy source...[0m
[0;32mI (152) cpu_start: Unicore app[0m
[0;33mW (161) clk: esp_perip_clk_init() has not been implemented yet[0m
[0;32mI (167) cpu_start: Pro cpu start user code[0m
[0;32mI (167) cpu_start: cpu freq: 160000000 Hz[0m
[0;32mI (168) cpu_start: Application information:[0m
[0;32mI (170) cpu_start: Project name:     veml7700-esp-idf-main[0m
[0;32mI (177) cpu_start: App version:      1[0m
[0;32mI (181) cpu_start: Compile time:     Mar  2 2024 12:59:11[0m
[0;32mI (187) cpu_start: ELF file SHA256:  f9672beedcc62b7d...[0m
[0;32mI (193) cpu_start: ESP-IDF:          v5.2[0m
[0;32mI (198) cpu_start: Min chip rev:     v0.0[0m
[0;32mI (202) cpu_start: Max chip rev:     v0.99 [0m
[0;32mI (207) cpu_start: Chip rev:         v0.0[0m
[0;32mI (212) heap_init: Initializing. RAM available for dynamic allocation:[0m
[0;32mI (219) heap_init: At 4080D9F0 len 0006EC20 (443 KiB): RAM[0m
[0;32mI (225) heap_init: At 4087C610 len 00002F54 (11 KiB): RAM[0m
[0;32mI (231) heap_init: At 50000000 len 00003FE8 (15 KiB): RTCRAM[0m
[0;32mI (239) spi_flash: detected chip: generic[0m
[0;32mI (242) spi_flash: flash io: dio[0m
[0;33mW (246) spi_flash: Detected size(8192k) larger than the size in the binary image header(2048k). Using the size in the binary image header.[0m
[0;33mW (259) i2c: This driver is an old driver, please migrate your application code to adapt `driver/i2c_master.h`[0m
[0;32mI (270) sleep: Configure to isolate all GPIO pins in sleep state[0m
[0;32mI (277) sleep: Enable automatic switching of GPIO sleep configuration[0m
[0;32mI (284) coexist: coex firmware version: 77cd7f8[0m
[0;32mI (289) coexist: coexist rom version 5b8dcfa[0m
[0;32mI (295) main_task: Started on CPU0[0m
[0;32mI (295) main_task: Calling app_main()[0m
[0;32mI (295) gpio: GPIO[12]| InputEn: 0| OutputEn: 0| OpenDrain: 0| Pullup: 1| Pulldown: 0| Intr:0 [0m
ESP32 Initialized for I2C.
[0;32mI (315) VEML7700: Successfully initialized VEML7700 (Channel 0). Result: 0
[0m
[0;32mI (365) VEML7700: Successfully initialized VEML7700 (Channel 1). Result: 0
[0m
[0;32mI (365) VEML7700: Successfully initialized VEML7700 (Channel 2). Result: 0
[0m
[0;32mI (365) VEML7700: Successfully initialized VEML7700 (Channel 3). Result: 0
[0m
[0;32mI (375) VEML7700: Successfully initialized VEML7700 (Channel 4). Result: 0
[0m
Software interrupt timer ISR
Channel 0 on the TCA9548 is now open.
Sensor 0 (Channel 0) - ALS: 95.5008 lux, 8.8723 fc
Channel 1 on the TCA9548 is now open.
Sensor 1 (Channel 1) - ALS: 85.2480 lux, 7.9198 fc
Channel 2 on the TCA9548 is now open.
Sensor 2 (Channel 2) - ALS: 104.8320 lux, 9.7392 fc
Channel 3 on the TCA9548 is now open.
Sensor 3 (Channel 3) - ALS: 104.7168 lux, 9.7285 fc
Channel 4 on the TCA9548 is now open.
Sensor 4 (Channel 4) - ALS: 100.4544 lux, 9.3325 fc




Software interrupt timer ISR
Channel 0 on the TCA9548 is now open.
Sensor 0 (Channel 0) - ALS: 95.6736 lux, 8.8884 fc
Channel 1 on the TCA9548 is now open.
Sensor 1 (Channel 1) - ALS: 86.9760 lux, 8.0803 fc
Channel 2 on the TCA9548 is now open.
[0;33mW (21685) VEML7700: veml7700_i2c_read() returned 263[0m

FreeRTOS: FreeRTOS Task "stepper_task" should not return, Aborting now!
Core  0 register dump:
MEPC    : 0x408004ec  RA      : 0x40806d84  SP      : 0x40812490  GP      : 0x4080c040  
TP      : 0x408090f4  T0      : 0x00000000  T1      : 0x00000000  T2      : 0x00000000  
S0/FP   : 0x00000000  S1      : 0x00000000  A0      : 0x4080bde0  A1      : 0x4201a0df  
A2      : 0x00000023  A3      : 0x00000000  A4      : 0x00000001  A5      : 0x4080e000  
A6      : 0x00000000  A7      : 0x00000000  S2      : 0x00000000  S3      : 0x00000000  
S4      : 0x00000000  S5      : 0x00000000  S6      : 0x00000000  S7      : 0x00000000  
S8      : 0x00000000  S9      : 0x00000000  S10     : 0x00000000  S11     : 0x00000000  
T3      : 0x00000000  T4      : 0x00000000  T5      : 0x00000000  T6      : 0x00000000  
MSTATUS : 0x00001881  MTVEC   : 0x40800001  MCAUSE  : 0x00000007  MTVAL   : 0x00000000  
MHARTID : 0x00000000  

Stack memory:
40812490: 0x00000000 0x00000000 0x00000000 0x00000000 0x00000000 0x00000000 0x00000000 0x00000000
408124b0: 0x00000000 0xa5a5a5a5 0xa5a5a5a5 0xa5a5a5a5 0xa5a5a5a5 0xa5a5a5a5 0x00000150 0x408123e0
408124d0: 0x0000088c 0x4080cccc 0x4080cccc 0x408124cc 0x4080ccc4 0x00000014 0x00000000 0x00000000
408124f0: 0x408124cc 0x00000000 0x00000005 0x40811cc8 0x70657473 0x5f726570 0x6b736174 0x00000000
0x00000000 0x4080e4d0 0x4080e538
40812530: 0x4080e5a0 0x00000000 0x00000000 0x00000001 0x00000000 0x00000000 0x00000000 0x42003ed0
40812550: 0x00000000 0x00000000 0x00000000 0x00000000 0x00000000 0x00000000 0x00000000 0x00000000
40812570: 0x00000000 0x00000000 0x00000000 0x00000000 0x00000000 0x00000000 0x00000000 0x00000000
40812590: 0x00000000 0x00000000 0x00000000 0x00000000 0x00000000 0x00000000 0x00000000 0x00000000
408125b0: 0x00000000 0x00000000 0x00000000 0x00000000 0x00000000 0x00000000 0x00000000 0x00000000
408125d0: 0x00000000 0x00000000 0x00000000 0x00000000 0x00000000 0x00000000 0x00000000 0x00000000
408125f0: 0x00000000 0x00000000 0x00000000 0x00000000 0x00000000 0x00000000 0x00000000 0x00000000
40812610: 0x00000000 0x00000000 0x00000000 0x00000014 0x40812638 0x40812680 0x40812638 0x00000000
40812630: 0x00000000 0x00000014 0x00003000 0x00000000 0x00000000 0x00000000 0x40812650 0x00000014
40812650: 0x00000900 0x000000e2 0x00000000 0x00000001 0x40812668 0x00000014 0x00000900 0x00000001
40812670: 0x00000000 0x00000001 0x40812680 0x00000014 0x00001000 0x00000000 0x00000000 0x00000000
40812690: 0x00000000 0x00000014 0x408126b0 0x408126f8 0x408126b0 0x00000000 0x00000000 0x00000014
408126b0: 0x00003000 0x00000000 0x00000000 0x00000000 0x408126c8 0x00000014 0x00000900 0x000000e2
408126d0: 0x00000000 0x00000001 0x408126e0 0x00000014 0x00000900 0x00000002 0x00000000 0x00000001
408126f0: 0x408126f8 0x00000014 0x00001000 0x00000000 0x00000000 0x00000000 0x00000000 0x00000014
40812710: 0x40812728 0x40812770 0x40812728 0x00000000 0x00000000 0x00000014 0x00003000 0x00000000
40812730: 0x00000000 0x00000000 0x40812740 0x00000014 0x00000900 0x000000e2 0x00000000 0x00000001
40812750: 0x40812758 0x00000014 0x00000900 0x00000004 0x00000000 0x00000001 0x40812770 0x00000014
40812770: 0x00001000 0x00000000 0x00000000 0x00000000 0x00000000 0x00000014 0x408127a0 0x40812800
40812790: 0x408127a0 0x00000000 0x00000000 0x00000014 0x00003000 0x00000000 0x00000000 0x00000000
408127b0: 0x408127b8 0x00000014 0x00000800 0x00000020 0x00000000 0x00000001 0x408127d0 0x00000014
408127d0: 0x00000800 0x00000000 0x00000000 0x00000001 0x408127e8 0x00000014 0x00000800 0x4080f72c
408127f0: 0x00000002 0x00000002 0x40812800 0x00000014 0x00001000 0x00000000 0x00000000 0x00000000
40812810: 0x00000000 0x00069df5 0x4080da04 0x4080da04 0x00000001 0x00000001 0x40812798 0x00000017
40812830: 0x00001c00 0x4080f74d 0x00000001 0x00000001 0x40812798 0x00000017 0x00001000 0x00000000
40812850: 0x00000000 0x00000000 0x40812798 0x00069daf 0x4080da04 0x4080da04 0x08feea4a 0x6e2a94a3
40812870: 0xfb5c1b1f 0x64599921 0x50c35cc0 0xc88646d5 0x072a3a65 0xbe5fbb3e 0xde0caf9c 0xa1e5ac8b



ELF file SHA256: f9672beedcc62b7d

Rebooting...
ESP-ROM:esp32c6-20220919
Build:Sep 19 2022
rst:0xc (SW_CPU),boot:0x8 (SPI_FAST_FLASH_BOOT)
Saved PC:0x4001975a
SPIWP:0xee
mode:DIO, clock div:2
load:0x40875720,len:0x1804
load:0x4086c410,len:0xde0
load:0x4086e610,len:0x2e04
entry 0x4086c41a
[0;32mI (26) boot: ESP-IDF v5.2 2nd stage bootloader[0m
[0;32mI (27) boot: compile time Mar  2 2024 13:02:41[0m
[0;32mI (28) boot: chip revision: v0.0[0m
[0;32mI (29) boot.esp32c6: SPI Speed      : 80MHz[0m
[0;32mI (34) boot.esp32c6: SPI Mode       : DIO[0m
[0;32mI (39) boot.esp32c6: SPI Flash Size : 2MB[0m
[0;32mI (44) boot: Enabling RNG early entropy source...[0m
[0;32mI (49) boot: Partition Table:[0m
[0;32mI (53) boot: ## Label            Usage          Type ST Offset   Length[0m
[0;32mI (60) boot:  0 nvs              WiFi data        01 02 00009000 00006000[0m
[0;32mI (67) boot:  1 phy_init         RF data          01 01 0000f000 00001000[0m
[0;32mI (75) boot:  2 factory          factory app      00 00 00010000 00100000[0m
[0;32mI (83) boot: End of partition table[0m
[0;32mI (87) esp_image: segment 0: paddr=00010020 vaddr=42018020 size=09e38h ( 40504) map[0m
[0;32mI (112) esp_image: segment 1: paddr=00019e60 vaddr=40800000 size=061b8h ( 25016) load[0m
[0;32mI (124) esp_image: segment 2: paddr=00020020 vaddr=42000020 size=11918h ( 71960) map[0m
[0;32mI (155) esp_image: segment 3: paddr=00031940 vaddr=408061b8 size=0567ch ( 22140) load[0m
[0;32mI (166) esp_image: segment 4: paddr=00036fc4 vaddr=4080b840 size=01268h (  4712) load[0m
[0;32mI (175) boot: Loaded app from partition at offset 0x10000[0m
[0;32mI (175) boot: Disabling RNG early entropy source...[0m
[0;32mI (186) cpu_start: Unicore app[0m
[0;33mW (196) clk: esp_perip_clk_init() has not been implemented yet[0m
[0;32mI (202) cpu_start: Pro cpu start user code[0m
[0;32mI (203) cpu_start: cpu freq: 160000000 Hz[0m
[0;32mI (203) cpu_start: Application information:[0m
[0;32mI (205) cpu_start: Project name:     veml7700-esp-idf-main[0m
[0;32mI (212) cpu_start: App version:      1[0m
[0;32mI (216) cpu_start: Compile time:     Mar  2 2024 12:59:11[0m
[0;32mI (222) cpu_start: ELF file SHA256:  f9672beedcc62b7d...[0m
[0;32mI (228) cpu_start: ESP-IDF:          v5.2[0m
[0;32mI (233) cpu_start: Min chip rev:     v0.0[0m
[0;32mI (237) cpu_start: Max chip rev:     v0.99 [0m
[0;32mI (242) cpu_start: Chip rev:         v0.0[0m
[0;32mI (247) heap_init: Initializing. RAM available for dynamic allocation:[0m
[0;32mI (254) heap_init: At 4080D9F0 len 0006EC20 (443 KiB): RAM[0m
[0;32mI (260) heap_init: At 4087C610 len 00002F54 (11 KiB): RAM[0m
[0;32mI (266) heap_init: At 50000000 len 00003FE8 (15 KiB): RTCRAM[0m
[0;32mI (274) spi_flash: detected chip: generic[0m
[0;32mI (277) spi_flash: flash io: dio[0m
[0;33mW (281) spi_flash: Detected size(8192k) larger than the size in the binary image header(2048k). Using the size in the binary image header.[0m
[0;33mW (295) i2c: This driver is an old driver, please migrate your application code to adapt `driver/i2c_master.h`[0m
[0;32mI (305) sleep: Configure to isolate all GPIO pins in sleep state[0m
[0;32mI (312) sleep: Enable automatic switching of GPIO sleep configuration[0m
[0;32mI (319) coexist: coex firmware version: 77cd7f8[0m
[0;32mI (324) coexist: coexist rom version 5b8dcfa[0m
[0;32mI (330) main_task: Started on CPU0[0m
[0;32mI (330) main_task: Calling app_main()[0m
[0;32mI (330) gpio: GPIO[12]| InputEn: 0| OutputEn: 0| OpenDrain: 0| Pullup: 1| Pulldown: 0| Intr:0 [0m
ESP32 Initialized for I2C.
[0;32mI (350) VEML7700: Successfully initialized VEML7700 (Channel 0). Result: 0
[0m
[0;32mI (350) VEML7700: Successfully initialized VEML7700 (Channel 1). Result: 0
[0m
[0;32mI (360) VEML7700: Successfully initialized VEML7700 (Channel 2). Result: 0
[0m
[0;32mI (370) VEML7700: Successfully initialized VEML7700 (Channel 3). Result: 0
[0m
[0;32mI (380) VEML7700: Successfully initialized VEML7700 (Channel 4). Result: 0
[0m
Software interrupt timer ISR
Channel 0 on the TCA9548 is now open.
Sensor 0 (Channel 0) - ALS: 95.2704 lux, 8.8509 fc
Channel 1 on the TCA9548 is now open.
Sensor 1 (Channel 1) - ALS: 87.3216 lux, 8.1124 fc
Channel 2 on the TCA9548 is now open.
Sensor 2 (Channel 2) - ALS: 104.8320 lux, 9.7392 fc
Channel 3 on the TCA9548 is now open.
Sensor 3 (Channel 3) - ALS: 103.9104 lux, 9.6536 fc
Channel 4 on the TCA9548 is now open.
Sensor 4 (Channel 4) - ALS: 100.4544 lux, 9.3325 fc




Software interrupt timer ISR
Channel 0 on the TCA9548 is now open.
Sensor 0 (Channel 0) - ALS: 94.8096 lux, 8.8081 fc
Channel 1 on the TCA9548 is now open.
Sensor 1 (Channel 1) - ALS: 87.2640 lux, 8.1071 fc
Channel 2 on the TCA9548 is now open.

FreeRTOS: FreeRTOS Task "stepper_task" should not return, Aborting now!
Core  0 register dump:
MEPC    : 0x408004ec  RA      : 0x40806d84  SP      : 0x40812490  GP      : 0x4080c040  
TP      : 0x408090f4  T0      : 0x00000000  T1      : 0x00000000  T2      : 0x00000000  
S0/FP   : 0x00000000  S1      : 0x00000000  A0      : 0x4080bde0  A1      : 0x4201a0df  
A2      : 0x00000023  A3      : 0x00000000  A4      : 0x00000001  A5      : 0x4080e000  
A6      : 0x00000000  A7      : 0x00000000  S2      : 0x00000000  S3      : 0x00000000  
S4      : 0x00000000  S5      : 0x00000000  S6      : 0x00000000  S7      : 0x00000000  
S8      : 0x00000000  S9      : 0x00000000  S10     : 0x00000000  S11     : 0x00000000  
T3      : 0x00000000  T4      : 0x00000000  T5      : 0x00000000  T6      : 0x00000000  
MSTATUS : 0x00001881  MTVEC   : 0x40800001  MCAUSE  : 0x00000007  MTVAL   : 0x00000000  
MHARTID : 0x00000000  

Stack memory:
40812490: 0x00000000 0x00000000 0x00000000 0x00000000 0x00000000 0x00000000 0x00000000 0x00000000
408124b0: 0x00000000 0xa5a5a5a5 0xa5a5a5a5 0xa5a5a5a5 0xa5a5a5a5 0xa5a5a5a5 0x00000150 0x408123e0
408124d0: 0x00000889 0x4080cccc 0x4080cccc 0x408124cc 0x4080ccc4 0x00000014 0x00000000 0x00000000

40812510: 0x408124c0 0x00000005 0x00000000 0x00000000 0x00000000 0x00000000 0x4080e4d0 0x4080e538
40812530: 0x4080e5a0 0x00000000 0x00000000 0x00000001 0x00000000 0x00000000 0x00000000 0x42003ed0
40812550: 0x00000000 0x00000000 0x00000000 0x00000000 0x00000000 0x00000000 0x00000000 0x00000000
40812570: 0x00000000 0x00000000 0x00000000 0x00000000 0x00000000 0x00000000 0x00000000 0x00000000
40812590: 0x00000000 0x00000000 0x00000000 0x00000000 0x00000000 0x00000000 0x00000000 0x00000000
408125b0: 0x00000000 0x00000000 0x00000000 0x00000000 0x00000000 0x00000000 0x00000000 0x00000000
408125d0: 0x00000000 0x00000000 0x00000000 0x00000000 0x00000000 0x00000000 0x00000000 0x00000000
408125f0: 0x00000000 0x00000000 0x00000000 0x00000000 0x00000000 0x00000000 0x00000000 0x00000000
40812610: 0x00000000 0x00000000 0x00000000 0x00000014 0x40812638 0x40812680 0x40812638 0x00000000
40812630: 0x00000000 0x00000014 0x00003000 0x00000000 0x00000000 0x00000000 0x40812650 0x00000014
40812650: 0x00000900 0x000000e2 0x00000000 0x00000001 0x40812668 0x00000014 0x00000900 0x00000001
40812670: 0x00000000 0x00000001 0x40812680 0x00000014 0x00001000 0x00000000 0x00000000 0x00000000
40812690: 0x00000000 0x00000014 0x408126b0 0x408126f8 0x408126b0 0x00000000 0x00000000 0x00000014
408126b0: 0x00003000 0x00000000 0x00000000 0x00000000 0x408126c8 0x00000014 0x00000900 0x000000e2
0x00000001
408126f0: 0x408126f8 0x00000014 0x00001000 0x00000000 0x00000000 0x00000000 0x00000000 0x00000014
40812710: 0x40812728 0x40812770 0x40812728 0x00000000 0x00000000 0x00000014 0x00003000 0x00000000
40812730: 0x00000000 0x00000000 0x40812740 0x00000014 0x00000900 0x000000e2 0x00000000 0x00000001
40812750: 0x40812758 0x00000014 0x00000900 0x00000004 0x00000000 0x00000001 0x40812770 0x00000014
40812770: 0x00001000 0x00000000 0x00000000 0x00000000 0x00000000 0x00000014 0x408127a0 0x40812848
40812790: 0x408127a0 0x00000000 0x00000000 0x00000014 0x00003000 0x00000000 0x00000000 0x00000000
408127b0: 0x408127b8 0x00000014 0x00000900 0x00000020 0x00000000 0x00000001 0x408127d0 0x00000014
408127d0: 0x00000900 0x00000004 0x00000000 0x00000001 0x408127e8 0x00000014 0x00003000 0x00000000
408127f0: 0x00000000 0x00000000 0x40812800 0x00000014 0x00000900 0x00000021 0x00000000 0x00000001
40812810: 0x40812818 0x00000014 0x00001800 0x4080f74c 0x00000000 0x00000001 0x40812830 0x00000014
40812830: 0x00001c00 0x4080f74d 0x00000000 0x00000001 0x40812848 0x00000014 0x00001000 0x00000000
40812850: 0x00000000 0x00000000 0x00000000 0x00069dad 0x4080da04 0x4080da04 0x08feea4a 0x6e2a94a3
40812870: 0xfb5c1b1f 0x64599921 0x50c35cc0 0xc88646d5 0x072a3a65 0xbe5fbb3e 0xde0caf9c 0xa1e5ac8b



ELF file SHA256: f9672beedcc62b7d

Rebooting...
ESP-ROM:esp32c6-20220919
Build:Sep 19 2022
rst:0xc (SW_CPU),boot:0x8 (SPI_FAST_FLASH_BOOT)
Saved PC:0x4001975a
SPIWP:0xee
mode:DIO, clock div:2
load:0x40875720,len:0x1804
load:0x4086c410,len:0xde0
load:0x4086e610,len:0x2e04
entry 0x4086c41a
[0;32mI (26) boot: ESP-IDF v5.2 2nd stage bootloader[0m
[0;32mI (27) boot: compile time Mar  2 2024 13:02:41[0m
[0;32mI (28) boot: chip revision: v0.0[0m
[0;32mI (29) boot.esp32c6: SPI Speed      : 80MHz[0m
[0;32mI (34) boot.esp32c6: SPI Mode       : DIO[0m
[0;32mI (39) boot.esp32c6: SPI Flash Size : 2MB[0m
[0;32mI (44) boot: Enabling RNG early entropy source...[0m
[0;32mI (49) boot: Partition Table:[0m
[0;32mI (53) boot: ## Label            Usage          Type ST Offset   Length[0m
[0;32mI (60) boot:  0 nvs              WiFi data        01 02 00009000 00006000[0m
[0;32mI (67) boot:  1 phy_init         RF data          01 01 0000f000 00001000[0m
[0;32mI (75) boot:  2 factory          factory app      00 00 00010000 00100000[0m
[0;32mI (83) boot: End of partition table[0m
[0;32mI (87) esp_image: segment 0: paddr=00010020 vaddr=42018020 size=09e38h ( 40504) map[0m
[0;32mI (112) esp_image: segment 1: paddr=00019e60 vaddr=40800000 size=061b8h ( 25016) load[0m
[0;32mI (124) esp_image: segment 2: paddr=00020020 vaddr=42000020 size=11918h ( 71960) map[0m
[0;32mI (155) esp_image: segment 3: paddr=00031940 vaddr=408061b8 size=0567ch ( 22140) load[0m
[0;32mI (166) esp_image: segment 4: paddr=00036fc4 vaddr=4080b840 size=01268h (  4712) load[0m
[0;32mI (175) boot: Loaded app from partition at offset 0x10000[0m
[0;32mI (175) boot: Disabling RNG early entropy source...[0m
[0;32mI (186) cpu_start: Unicore app[0m
[0;33mW (196) clk: esp_perip_clk_init() has not been implemented yet[0m
[0;32mI (202) cpu_start: Pro cpu start user code[0m
[0;32mI (203) cpu_start: cpu freq: 160000000 Hz[0m
[0;32mI (203) cpu_start: Application information:[0m
[0;32mI (205) cpu_start: Project name:     veml7700-esp-idf-main[0m
[0;32mI (212) cpu_start: App version:      1[0m
[0;32mI (216) cpu_start: Compile time:     Mar  2 2024 12:59:11[0m
[0;32mI (222) cpu_start: ELF file SHA256:  f9672beedcc62b7d...[0m
[0;32mI (228) cpu_start: ESP-IDF:          v5.2[0m
[0;32mI (233) cpu_start: Min chip rev:     v0.0[0m
[0;32mI (237) cpu_start: Max chip rev:     v0.99 [0m
[0;32mI (242) cpu_start: Chip rev:         v0.0[0m
[0;32mI (247) heap_init: Initializing. RAM available for dynamic allocation:[0m
[0;32mI (254) heap_init: At 4080D9F0 len 0006EC20 (443 KiB): RAM[0m
[0;32mI (260) heap_init: At 4087C610 len 00002F54 (11 KiB): RAM[0m
[0;32mI (266) heap_init: At 50000000 len 00003FE8 (15 KiB): RTCRAM[0m
[0;32mI (274) spi_flash: detected chip: generic[0m
[0;32mI (277) spi_flash: flash io: dio[0m
[0;33mW (281) spi_flash: Detected size(8192k) larger than the size in the binary image header(2048k). Using the size in the binary image header.[0m
[0;33mW (295) i2c: This driver is an old driver, please migrate your application code to adapt `driver/i2c_master.h`[0m
[0;32mI (305) sleep: Configure to isolate all GPIO pins in sleep state[0m
[0;32mI (312) sleep: Enable automatic switching of GPIO sleep configuration[0m
[0;32mI (319) coexist: coex firmware version: 77cd7f8[0m
[0;32mI (324) coexist: coexist rom version 5b8dcfa[0m
[0;32mI (330) main_task: Started on CPU0[0m
[0;32mI (330) main_task: Calling app_main()[0m
[0;32mI (330) gpio: GPIO[12]| InputEn: 0| OutputEn: 0| OpenDrain: 0| Pullup: 1| Pulldown: 0| Intr:0 [0m
ESP32 Initialized for I2C.
[0;32mI (350) VEML7700: Successfully initialized VEML7700 (Channel 0). Result: 0
[0m
[0;32mI (350) VEML7700: Successfully initialized VEML7700 (Channel 1). Result: 0
[0m
[0;32mI (360) VEML7700: Successfully initialized VEML7700 (Channel 2). Result: 0
[0m
[0;32mI (370) VEML7700: Successfully initialized VEML7700 (Channel 3). Result: 0
[0m
[0;32mI (380) VEML7700: Successfully initialized VEML7700 (Channel 4). Result: 0
[0m
