ESP-ROM:esp32c6-20220919
Build:Sep 19 2022
rst:0x1 (POWERON),boot:0x4 (DOWNLOAD(USB/UART0/SDIO_FEI_FEO))
waiting for download
ESP-ROM:esp32c6-20220919
Build:Sep 19 2022
rst:0x1 (POWERON),boot:0x8 (SPI_FAST_FLASH_BOOT)
SPIWP:0xee
mode:DIO, clock div:2
load:0x40875720,len:0x1804
load:0x4086c410,len:0xde0
load:0x4086e610,len:0x2e04
entry 0x4086c41a
[0;32mI (23) boot: ESP-IDF v5.2 2nd stage bootloader[0m
[0;32mI (24) boot: compile time Mar  2 2024 13:02:41[0m
[0;32mI (24) boot: chip revision: v0.0[0m
[0;32mI (26) boot.esp32c6: SPI Speed      : 80MHz[0m
[0;32mI (31) boot.esp32c6: SPI Mode       : DIO[0m
[0;32mI (36) boot.esp32c6: SPI Flash Size : 2MB[0m
[0;32mI (40) boot: Enabling RNG early entropy source...[0m
[0;32mI (46) boot: Partition Table:[0m
[0;32mI (49) boot: ## Label            Usage          Type ST Offset   Length[0m
[0;32mI (57) boot:  0 nvs              WiFi data        01 02 00009000 00006000[0m
[0;32mI (64) boot:  1 phy_init         RF data          01 01 0000f000 00001000[0m
[0;32mI (72) boot:  2 factory          factory app      00 00 00010000 00100000[0m
[0;32mI (79) boot: End of partition table[0m
[0;32mI (83) esp_image: segment 0: paddr=00010020 vaddr=42018020 size=09e38h ( 40504) map[0m
[0;32mI (100) esp_image: segment 1: paddr=00019e60 vaddr=40800000 size=061b8h ( 25016) load[0m
[0;32mI (107) esp_image: segment 2: paddr=00020020 vaddr=42000020 size=1191ch ( 71964) map[0m
[0;32mI (123) esp_image: segment 3: paddr=00031944 vaddr=408061b8 size=0567ch ( 22140) load[0m
[0;32mI (129) esp_image: segment 4: paddr=00036fc8 vaddr=4080b840 size=01268h (  4712) load[0m
[0;32mI (134) boot: Loaded app from partition at offset 0x10000[0m
[0;32mI (135) boot: Disabling RNG early entropy source...[0m
[0;32mI (152) cpu_start: Unicore app[0m
[0;33mW (161) clk: esp_perip_clk_init() has not been implemented yet[0m
[0;32mI (167) cpu_start: Pro cpu start user code[0m
[0;32mI (167) cpu_start: cpu freq: 160000000 Hz[0m
[0;32mI (168) cpu_start: Application information:[0m
[0;32mI (170) cpu_start: Project name:     veml7700-esp-idf-main[0m
[0;32mI (177) cpu_start: App version:      1[0m
[0;32mI (181) cpu_start: Compile time:     Mar  2 2024 12:59:11[0m
[0;32mI (187) cpu_start: ELF file SHA256:  85cdf8086e63f4b8...[0m
[0;32mI (193) cpu_start: ESP-IDF:          v5.2[0m
[0;32mI (198) cpu_start: Min chip rev:     v0.0[0m
[0;32mI (202) cpu_start: Max chip rev:     v0.99 [0m
[0;32mI (207) cpu_start: Chip rev:         v0.0[0m
[0;32mI (212) heap_init: Initializing. RAM available for dynamic allocation:[0m
[0;32mI (219) heap_init: At 4080D9F0 len 0006EC20 (443 KiB): RAM[0m
[0;32mI (225) heap_init: At 4087C610 len 00002F54 (11 KiB): RAM[0m
[0;32mI (231) heap_init: At 50000000 len 00003FE8 (15 KiB): RTCRAM[0m
[0;32mI (239) spi_flash: detected chip: generic[0m
[0;32mI (242) spi_flash: flash io: dio[0m
[0;33mW (246) spi_flash: Detected size(8192k) larger than the size in the binary image header(2048k). Using the size in the binary image header.[0m
[0;33mW (259) i2c: This driver is an old driver, please migrate your application code to adapt `driver/i2c_master.h`[0m
[0;32mI (270) sleep: Configure to isolate all GPIO pins in sleep state[0m
[0;32mI (277) sleep: Enable automatic switching of GPIO sleep configuration[0m
[0;32mI (284) coexist: coex firmware version: 77cd7f8[0m
[0;32mI (289) coexist: coexist rom version 5b8dcfa[0m
[0;32mI (295) main_task: Started on CPU0[0m
[0;32mI (295) main_task: Calling app_main()[0m
[0;32mI (295) gpio: GPIO[12]| InputEn: 0| OutputEn: 0| OpenDrain: 0| Pullup: 1| Pulldown: 0| Intr:0 [0m
ESP32 Initialized for I2C.
[0;31mE (16305) VEML7700: Failed to initialize VEML7700 (Channel 0). Result: 263
[0m
[0;31mE (18305) VEML7700: Failed to initialize VEML7700 (Channel 1). Result: 263
[0m
[0;31mE (20305) VEML7700: Failed to initialize VEML7700 (Channel 2). Result: 263
[0m
[0;31mE (22305) VEML7700: Failed to initialize VEML7700 (Channel 3). Result: 263
[0m
[0;31mE (24305) VEML7700: Failed to initialize VEML7700 (Channel 4). Result: 263
[0m
Software interrupt timer ISR
Channel 0 on the TCA9548 is now open.
[0;33mW (32305) VEML7700: veml7700_i2c_read() returned 263[0m
[0;33mW (35305) VEML7700: veml7700_i2c_read() returned 263[0m
[0;31mE (35305) VEML7700: Failed to read data from VEML7700 (Channel 0). Result: 263
[0m
Channel 1 on the TCA9548 is now open.
[0;33mW (38305) VEML7700: veml7700_i2c_read() returned 263[0m
[0;33mW (41305) VEML7700: veml7700_i2c_read() returned 263[0m
[0;31mE (41305) VEML7700: Failed to read data from VEML7700 (Channel 1). Result: 263
[0m
Channel 2 on the TCA9548 is now open.
[0;33mW (44305) VEML7700: veml7700_i2c_read() returned 263[0m
[0;33mW (47305) VEML7700: veml7700_i2c_read() returned 263[0m
[0;31mE (47305) VEML7700: Failed to read data from VEML7700 (Channel 2). Result: 263
[0m
Channel 3 on the TCA9548 is now open.
ESP-ROM:esp32c6-20220919
Build:Sep 19 2022
rst:0x1 (POWERON),boot:0x8 (SPI_FAST_FLASH_BOOT)
SPIWP:0xee
mode:DIO, clock div:2
load:0x40875720,len:0x1804
load:0x4086c410,len:0xde0
load:0x4086e610,len:0x2e04
entry 0x4086c41a
[0;32mI (23) boot: ESP-IDF v5.2 2nd stage bootloader[0m
[0;32mI (24) boot: compile time Mar  2 2024 13:02:41[0m
[0;32mI (24) boot: chip revision: v0.0[0m
[0;32mI (26) boot.esp32c6: SPI Speed      : 80MHz[0m
[0;32mI (31) boot.esp32c6: SPI Mode       : DIO[0m
[0;32mI (36) boot.esp32c6: SPI Flash Size : 2MB[0m
[0;32mI (40) boot: Enabling RNG early entropy source...[0m
[0;32mI (46) boot: Partition Table:[0m
[0;32mI (49) boot: ## Label            Usage          Type ST Offset   Length[0m
[0;32mI (57) boot:  0 nvs              WiFi data        01 02 00009000 00006000[0m
[0;32mI (64) boot:  1 phy_init         RF data          01 01 0000f000 00001000[0m
[0;32mI (72) boot:  2 factory          factory app      00 00 00010000 00100000[0m
[0;32mI (79) boot: End of partition table[0m
[0;32mI (83) esp_image: segment 0: paddr=00010020 vaddr=42018020 size=09e38h ( 40504) map[0m
[0;32mI (100) esp_image: segment 1: paddr=00019e60 vaddr=40800000 size=061b8h ( 25016) load[0m
[0;32mI (107) esp_image: segment 2: paddr=00020020 vaddr=42000020 size=1191ch ( 71964) map[0m
[0;32mI (123) esp_image: segment 3: paddr=00031944 vaddr=408061b8 size=0567ch ( 22140) load[0m
[0;32mI (129) esp_image: segment 4: paddr=00036fc8 vaddr=4080b840 size=01268h (  4712) load[0m
[0;32mI (134) boot: Loaded app from partition at offset 0x10000[0m
[0;32mI (135) boot: Disabling RNG early entropy source...[0m
[0;32mI (152) cpu_start: Unicore app[0m
[0;33mW (161) clk: esp_perip_clk_init() has not been implemented yet[0m
[0;32mI (167) cpu_start: Pro cpu start user code[0m
[0;32mI (167) cpu_start: cpu freq: 160000000 Hz[0m
[0;32mI (168) cpu_start: Application information:[0m
[0;32mI (170) cpu_start: Project name:     veml7700-esp-idf-main[0m
[0;32mI (177) cpu_start: App version:      1[0m
[0;32mI (181) cpu_start: Compile time:     Mar  2 2024 12:59:11[0m
[0;32mI (187) cpu_start: ELF file SHA256:  85cdf8086e63f4b8...[0m
[0;32mI (193) cpu_start: ESP-IDF:          v5.2[0m
[0;32mI (198) cpu_start: Min chip rev:     v0.0[0m
[0;32mI (202) cpu_start: Max chip rev:     v0.99 [0m
[0;32mI (207) cpu_start: Chip rev:         v0.0[0m
[0;32mI (212) heap_init: Initializing. RAM available for dynamic allocation:[0m
[0;32mI (219) heap_init: At 4080D9F0 len 0006EC20 (443 KiB): RAM[0m
[0;32mI (225) heap_init: At 4087C610 len 00002F54 (11 KiB): RAM[0m
[0;32mI (231) heap_init: At 50000000 len 00003FE8 (15 KiB): RTCRAM[0m
[0;32mI (239) spi_flash: detected chip: generic[0m
[0;32mI (242) spi_flash: flash io: dio[0m
[0;33mW (246) spi_flash: Detected size(8192k) larger than the size in the binary image header(2048k). Using the size in the binary image header.[0m
[0;33mW (259) i2c: This driver is an old driver, please migrate your application code to adapt `driver/i2c_master.h`[0m
[0;32mI (270) sleep: Configure to isolate all GPIO pins in sleep state[0m
[0;32mI (277) sleep: Enable automatic switching of GPIO sleep configuration[0m
[0;32mI (284) coexist: coex firmware version: 77cd7f8[0m
[0;32mI (289) coexist: coexist rom version 5b8dcfa[0m
[0;32mI (295) main_task: Started on CPU0[0m
[0;32mI (295) main_task: Calling app_main()[0m
[0;32mI (295) gpio: GPIO[12]| InputEn: 0| OutputEn: 0| OpenDrain: 0| Pullup: 1| Pulldown: 0| Intr:0 [0m
ESP32 Initialized for I2C.
[0;31mE (16305) VEML7700: Failed to initialize VEML7700 (Channel 0). Result: 263
[0m
[0;31mE (18305) VEML7700: Failed to initialize VEML7700 (Channel 1). Result: 263
[0m
[0;31mE (20305) VEML7700: Failed to initialize VEML7700 (Channel 2). Result: 263
[0m
[0;31mE (22305) VEML7700: Failed to initialize VEML7700 (Channel 3). Result: 263
[0m
[0;31mE (24305) VEML7700: Failed to initialize VEML7700 (Channel 4). Result: 263
[0m
Software interrupt timer ISR
Channel 0 on the TCA9548 is now open.
[0;33mW (32305) VEML7700: veml7700_i2c_read() returned 263[0m
[0;33mW (35305) VEML7700: veml7700_i2c_read() returned 263[0m
[0;31mE (35305) VEML7700: Failed to read data from VEML7700 (Channel 0). Result: 263
[0m
Channel 1 on the TCA9548 is now open.
[0;33mW (38305) VEML7700: veml7700_i2c_read() returned 263[0m
[0;33mW (41305) VEML7700: veml7700_i2c_read() returned 263[0m
[0;31mE (41305) VEML7700: Failed to read data from VEML7700 (Channel 1). Result: 263
[0m
Channel 2 on the TCA9548 is now open.
[0;33mW (44305) VEML7700: veml7700_i2c_read() returned 263[0m
[0;33mW (47305) VEML7700: veml7700_i2c_read() returned 263[0m
[0;31mE (47305) VEML7700: Failed to read data from VEML7700 (Channel 2). Result: 263
[0m
Channel 3 on the TCA9548 is now open.
[0;33mW (50305) VEML7700: veml7700_i2c_read() returned 263[0m
[0;33mW (53305) VEML7700: veml7700_i2c_read() returned 263[0m
[0;31mE (53305) VEML7700: Failed to read data from VEML7700 (Channel 3). Result: 263
[0m
Channel 4 on the TCA9548 is now open.
[0;33mW (56305) VEML7700: veml7700_i2c_read() returned 263[0m
