ESP-ROM:esp32c6-20220919
Build:Sep 19 2022
rst:0x1 (POWERON),boot:0x4 (DOWNLOAD(USB/UART0/SDIO_FEI_FEO))
waiting for download
ESP-ROM:esp32c6-20220919
Build:Sep 19 2022
rst:0x1 (POWERON),boot:0x8 (SPI_FAST_FLASH_BOOT)
SPIWP:0xee
mode:DIO, clock div:2
load:0x4086c410,len:0xd10
load:0x4086e610,len:0x2dc8
load:0x40875728,len:0x17d0
entry 0x4086c410
[0;32mI (23) boot: ESP-IDF v5.1.1 2nd stage bootloader[0m
[0;32mI (24) boot: compile time Mar  2 2024 11:41:24[0m
[0;32mI (24) boot: chip revision: v0.0[0m
[0;32mI (26) boot.esp32c6: SPI Speed      : 80MHz[0m
[0;32mI (31) boot.esp32c6: SPI Mode       : DIO[0m
[0;32mI (36) boot.esp32c6: SPI Flash Size : 2MB[0m
[0;32mI (41) boot: Enabling RNG early entropy source...[0m
[0;32mI (46) boot: Partition Table:[0m
[0;32mI (50) boot: ## Label            Usage          Type ST Offset   Length[0m
[0;32mI (57) boot:  0 nvs              WiFi data        01 02 00009000 00006000[0m
[0;32mI (64) boot:  1 phy_init         RF data          01 01 0000f000 00001000[0m
[0;32mI (72) boot:  2 factory          factory app      00 00 00010000 00100000[0m
[0;32mI (79) boot: End of partition table[0m
[0;32mI (84) esp_image: segment 0: paddr=00010020 vaddr=42010020 size=082d8h ( 33496) map[0m
[0;32mI (99) esp_image: segment 1: paddr=00018300 vaddr=40800000 size=07d18h ( 32024) load[0m
[0;32mI (108) esp_image: segment 2: paddr=00020020 vaddr=42000020 size=0f934h ( 63796) map[0m
[0;32mI (122) esp_image: segment 3: paddr=0002f95c vaddr=40807d18 size=02e70h ( 11888) load[0m
[0;32mI (125) esp_image: segment 4: paddr=000327d4 vaddr=4080ab90 size=01070h (  4208) load[0m
[0;32mI (131) boot: Loaded app from partition at offset 0x10000[0m
[0;32mI (134) boot: Disabling RNG early entropy source...[0m
[0;32mI (150) cpu_start: Unicore app[0m
[0;32mI (151) cpu_start: Pro cpu up.[0m
[0;33mW (160) clk: esp_perip_clk_init() has not been implemented yet[0m
[0;32mI (166) cpu_start: Pro cpu start user code[0m
[0;32mI (166) cpu_start: cpu freq: 160000000 Hz[0m
[0;32mI (167) cpu_start: Application information:[0m
[0;32mI (169) cpu_start: Project name:     veml7700-esp-idf-main[0m
[0;32mI (175) cpu_start: App version:      v5.1.1[0m
[0;32mI (180) cpu_start: Compile time:     Mar  2 2024 11:42:10[0m
[0;32mI (186) cpu_start: ELF file SHA256:  1571b52439f5c741...[0m
[0;32mI (192) cpu_start: ESP-IDF:          v5.1.1[0m
[0;32mI (197) cpu_start: Min chip rev:     v0.0[0m
[0;32mI (202) cpu_start: Max chip rev:     v0.99 [0m
[0;32mI (207) cpu_start: Chip rev:         v0.0[0m
[0;32mI (211) heap_init: Initializing. RAM available for dynamic allocation:[0m
[0;32mI (219) heap_init: At 4080CAA0 len 0006FB70 (446 KiB): D/IRAM[0m
[0;32mI (225) heap_init: At 4087C610 len 00002F54 (11 KiB): STACK/DIRAM[0m
[0;32mI (232) heap_init: At 50000000 len 00003FE8 (15 KiB): RTCRAM[0m
[0;32mI (239) spi_flash: detected chip: generic[0m
[0;32mI (243) spi_flash: flash io: dio[0m
[0;33mW (247) spi_flash: Detected size(8192k) larger than the size in the binary image header(2048k). Using the size in the binary image header.[0m
[0;32mI (260) sleep: Configure to isolate all GPIO pins in sleep state[0m
[0;32mI (267) sleep: Enable automatic switching of GPIO sleep configuration[0m
[0;32mI (274) coexist: coex firmware version: 80b0d89[0m
[0;32mI (279) coexist: coexist rom version 5b8dcfa[0m
[0;32mI (284) app_start: Starting scheduler on CPU0[0m
[0;32mI (289) main_task: Started on CPU0[0m
[0;32mI (289) main_task: Calling app_main()[0m
[0;31mE (289) i2c: i2c driver install error[0m
ESP32 Initialized for I2C.
[0;31mE (3299) VEML7700: Failed to initialize VEML7700 (Channel 2). Result: 263
[0m
[0;31mE (5299) VEML7700: Failed to initialize VEML7700 (Channel 3). Result: 263
[0m
