ESP-ROM:esp32c6-20220919
Build:Sep 19 2022
rst:0x1 (POWERON),boot:0x4 (DOWNLOAD(USB/UART0/SDIO_FEI_FEO))
waiting for download
ESP-ROM:esp32c6-20220919
Build:Sep 19 2022
rst:0x1 (POWERON),boot:0x8 (SPI_FAST_FLASH_BOOT)
SPIWP:0xee
mode:DIO, clock div:2
load:0x40875720,len:0x1804
load:0x4086c410,len:0xde0
load:0x4086e610,len:0x2e04
entry 0x4086c41a
[0;32mI (23) boot: ESP-IDF v5.2 2nd stage bootloader[0m
[0;32mI (24) boot: compile time Mar  2 2024 13:02:41[0m
[0;32mI (24) boot: chip revision: v0.0[0m
[0;32mI (26) boot.esp32c6: SPI Speed      : 80MHz[0m
[0;32mI (31) boot.esp32c6: SPI Mode       : DIO[0m
[0;32mI (36) boot.esp32c6: SPI Flash Size : 2MB[0m
[0;32mI (40) boot: Enabling RNG early entropy source...[0m
[0;32mI (46) boot: Partition Table:[0m
[0;32mI (49) boot: ## Label            Usage          Type ST Offset   Length[0m
[0;32mI (57) boot:  0 nvs              WiFi data        01 02 00009000 00006000[0m
[0;32mI (64) boot:  1 phy_init         RF data          01 01 0000f000 00001000[0m
[0;32mI (72) boot:  2 factory          factory app      00 00 00010000 00100000[0m
[0;32mI (79) boot: End of partition table[0m
[0;32mI (83) esp_image: segment 0: paddr=00010020 vaddr=42018020 size=09e38h ( 40504) map[0m
[0;32mI (100) esp_image: segment 1: paddr=00019e60 vaddr=40800000 size=061b8h ( 25016) load[0m
[0;32mI (107) esp_image: segment 2: paddr=00020020 vaddr=42000020 size=1191ch ( 71964) map[0m
[0;32mI (123) esp_image: segment 3: paddr=00031944 vaddr=408061b8 size=0567ch ( 22140) load[0m
[0;32mI (129) esp_image: segment 4: paddr=00036fc8 vaddr=4080b840 size=01268h (  4712) load[0m
[0;32mI (134) boot: Loaded app from partition at offset 0x10000[0m
[0;32mI (135) boot: Disabling RNG early entropy source...[0m
[0;32mI (152) cpu_start: Unicore app[0m
[0;33mW (161) clk: esp_perip_clk_init() has not been implemented yet[0m
[0;32mI (167) cpu_start: Pro cpu start user code[0m
[0;32mI (167) cpu_start: cpu freq: 160000000 Hz[0m
[0;32mI (168) cpu_start: Application information:[0m
[0;32mI (170) cpu_start: Project name:     veml7700-esp-idf-main[0m
[0;32mI (177) cpu_start: App version:      1[0m
[0;32mI (181) cpu_start: Compile time:     Mar  2 2024 12:59:11[0m
[0;32mI (187) cpu_start: ELF file SHA256:  6da91035df8f5876...[0m
[0;32mI (193) cpu_start: ESP-IDF:          v5.2[0m
[0;32mI (198) cpu_start: Min chip rev:     v0.0[0m
[0;32mI (202) cpu_start: Max chip rev:     v0.99 [0m
[0;32mI (207) cpu_start: Chip rev:         v0.0[0m
[0;32mI (212) heap_init: Initializing. RAM available for dynamic allocation:[0m
[0;32mI (219) heap_init: At 4080D9F0 len 0006EC20 (443 KiB): RAM[0m
[0;32mI (225) heap_init: At 4087C610 len 00002F54 (11 KiB): RAM[0m
[0;32mI (231) heap_init: At 50000000 len 00003FE8 (15 KiB): RTCRAM[0m
[0;32mI (239) spi_flash: detected chip: generic[0m
[0;32mI (242) spi_flash: flash io: dio[0m
[0;33mW (246) spi_flash: Detected size(8192k) larger than the size in the binary image header(2048k). Using the size in the binary image header.[0m
[0;33mW (259) i2c: This driver is an old driver, please migrate your application code to adapt `driver/i2c_master.h`[0m
[0;32mI (270) sleep: Configure to isolate all GPIO pins in sleep state[0m
[0;32mI (277) sleep: Enable automatic switching of GPIO sleep configuration[0m
[0;32mI (284) coexist: coex firmware version: 77cd7f8[0m
[0;32mI (289) coexist: coexist rom version 5b8dcfa[0m
[0;32mI (295) main_task: Started on CPU0[0m
[0;32mI (295) main_task: Calling app_main()[0m
[0;32mI (295) gpio: GPIO[12]| InputEn: 0| OutputEn: 0| OpenDrain: 0| Pullup: 1| Pulldown: 0| Intr:0 [0m
ESP32 Initialized for I2C.
[0;31mE (16305) VEML7700: Failed to initialize VEML7700 (Channel 0). Result: 263
[0m
[0;32mI (17795) VEML7700: Successfully initialized VEML7700 (Channel 1). Result: 0
[0m
[0;32mI (17795) VEML7700: Successfully initialized VEML7700 (Channel 2). Result: 0
[0m
[0;32mI (17795) VEML7700: Successfully initialized VEML7700 (Channel 3). Result: 0
[0m
[0;32mI (17805) VEML7700: Successfully initialized VEML7700 (Channel 4). Result: 0
[0m
Software interrupt timer ISR
Channel 0 on the TCA9548 is now open.
Sensor 0 (Channel 0) - ALS: 0.0000 lux, 0.0000 fc
Channel 1 on the TCA9548 is now open.
Sensor 1 (Channel 1) - ALS: 0.0000 lux, 0.0000 fc
Channel 2 on the TCA9548 is now open.
Sensor 2 (Channel 2) - ALS: 105.0624 lux, 9.7606 fc
Channel 3 on the TCA9548 is now open.
Sensor 3 (Channel 3) - ALS: 104.6016 lux, 9.7178 fc
Channel 4 on the TCA9548 is now open.
Sensor 4 (Channel 4) - ALS: 100.8000 lux, 9.3646 fc



FreeRTOS: FreeRTOS Task "stepper_task" should not return, Aborting now!
Core  0 register dump:
MEPC    : 0x408004ec  RA      : 0x40806d84  SP      : 0x40812490  GP      : 0x4080c040  
TP      : 0x408090f4  T0      : 0x00000000  T1      : 0x00000000  T2      : 0x00000000  
S0/FP   : 0x00000000  S1      : 0x00000000  A0      : 0x4080bde0  A1      : 0x4201a0df  
A2      : 0x00000023  A3      : 0x00000000  A4      : 0x00000001  A5      : 0x4080e000  
A6      : 0x00000000  A7      : 0x00000000  S2      : 0x00000000  S3      : 0x00000000  
S4      : 0x00000000  S5      : 0x00000000  S6      : 0x00000000  S7      : 0x00000000  
S8      : 0x00000000  S9      : 0x00000000  S10     : 0x00000000  S11     : 0x00000000  
T3      : 0x00000000  T4      : 0x00000000  T5      : 0x00000000  T6      : 0x00000000  
MSTATUS : 0x00001881  MTVEC   : 0x40800001  MCAUSE  : 0x00000007  MTVAL   : 0x00000000  
MHARTID : 0x00000000  

Stack memory:
40812490: 0x00000000 0x00000000 0x00000000 0x00000000 0x00000000 0x00000000 0x00000000 0x00000000
408124b0: 0x00000000 0xa5a5a5a5 0xa5a5a5a5 0xa5a5a5a5 0xa5a5a5a5 0xa5a5a5a5 0x00000150 0x408123e0
408124d0: 0x00000cdf 0x4080cccc 0x4080cccc 0x408124cc 0x4080ccc4 0x00000014 0x00000000 0x00000000

40812510: 0x408124c0 0x00000005 0x00000000 0x00000000 0x00000000 0x00000000 0x4080e4d0 0x4080e538
40812530: 0x4080e5a0 0x00000000 0x00000000 0x00000001 0x00000000 0x00000000 0x00000000 0x42003ed0
40812550: 0x00000000 0x00000000 0x00000000 0x00000000 0x00000000 0x00000000 0x00000000 0x00000000
40812570: 0x00000000 0x00000000 0x00000000 0x00000000 0x00000000 0x00000000 0x00000000 0x00000000
40812590: 0x00000000 0x00000000 0x00000000 0x00000000 0x00000000 0x00000000 0x00000000 0x00000000
408125b0: 0x00000000 0x00000000 0x00000000 0x00000000 0x00000000 0x00000000 0x00000000 0x00000000
408125d0: 0x00000000 0x00000000 0x00000000 0x00000000 0x00000000 0x00000000 0x00000000 0x00000000
408125f0: 0x00000000 0x00000000 0x00000000 0x00000000 0x00000000 0x00000000 0x00000000 0x00000000
40812610: 0x00000000 0x00000000 0x00000000 0x00000014 0x40812638 0x40812698 0x40812638 0x00000000
40812630: 0x00000000 0x00000014 0x00003000 0x00000000 0x00000000 0x00000000 0x40812650 0x00000014
40812650: 0x00000900 0x00000080 0x00000000 0x00000001 0x40812668 0x00000014 0x00000900 0x0000000c
40812670: 0x00000000 0x00000001 0x40812680 0x00000014 0x00000900 0x00000035 0x00000000 0x00000001
40812690: 0x40812698 0x00000014 0x00001000 0x00000000 0x00000000 0x00000000 0x00000000 0x00069f5d
408126b0: 0x4080da04 0x4080da04 0x7b652b59 0xa128a382 0xf743fb40 0xb7e9db70 0xfa1a9054 0x792ca05a
408126d0: 0xfb967e3b 0xc2410661 0xca58e9cc 0xc3991648 0x062e153c 0xf4b6c559 0x3167e40e 0x5fa58474
408126f0: 0x79b8e9eb 0xe3f18a09 0xb729f4c4 0x0bb02e58 0x758eb087 0x7143a4ad 0xc7592295 0xcb5a2ba6
40812710: 0xc8d7c283 0xb5093afe 0xa5d29357 0x08016a29 0x4c202c3e 0x2eeafe71 0x14911426 0x7b75fc9a
40812730: 0xff687b73 0xdd0e4ac5 0xbda47ffb 0x0fc11ae5 0x4d71a052 0x6c0fefdd 0x098a5006 0xf86de8ce
40812750: 0x654910fa 0x8194309d 0x53f4ee4b 0x0b380b47 0x17b5584e 0xdaca240f 0x397a2b6f 0xa46f2c61
40812770: 0x1a34d6d7 0x03245ac5 0x79eec40d 0xe01258a3 0x682065bc 0xd6fdacea 0x82843cfb 0xd69d9f6f
40812790: 0x35311ae5 0x01851a67 0xaa4fe290 0x33d0f790 0x1a7604e6 0x9afb0640 0xc69236e3 0x65eef3b4
408127b0: 0x5ab5d24a 0xf01937e2 0xece09bdd 0x1d660625 0x19088153 0xbddc5277 0x68fbf5c0 0xfeed4691
408127d0: 0xbb26ff6f 0x81aaf58d 0x5787b7dd 0x9482d3da 0x43b00ee8 0x252a7b33 0x4f515e3d 0x56796754
408127f0: 0xae13f54b 0xe7c2c4ae 0xb58dfc8c 0x0022f5bf 0x8df510af 0xd152bb6d 0x45905e2e 0x9dbca858
40812810: 0x72981c4a 0x4b4b0eec 0xa86f6dff 0x7933e14a 0x5d62e47a 0x0e37efce 0x1a278176 0xf9f8fb2b
40812830: 0x1f1b481b 0x42881a04 0xa6b9ff75 0xd426234a 0x0c33c889 0x6483ae31 0x84313f4b 0x4befdb52
40812850: 0x02fc5db6 0x2886415c 0x1383c8fd 0x60aa8992 0x92689990 0x0d75e576 0x08feea4a 0x6e3a94a3
40812870: 0xbb5c1b1e 0x24599921 0x50d25cc9 0x58a4c2d5 0x072aba65 0xba1fbb1e 0xc64caf9c 0xa0e1ac8b



ELF file SHA256: 6da91035df8f5876

Rebooting...
ESP-ROM:esp32c6-20220919
Build:Sep 19 2022
rst:0xc (SW_CPU),boot:0x8 (SPI_FAST_FLASH_BOOT)
Saved PC:0x4001975a
SPIWP:0xee
mode:DIO, clock div:2
load:0x40875720,len:0x1804
load:0x4086c410,len:0xde0
load:0x4086e610,len:0x2e04
entry 0x4086c41a
[0;32mI (26) boot: ESP-IDF v5.2 2nd stage bootloader[0m
[0;32mI (27) boot: compile time Mar  2 2024 13:02:41[0m
[0;32mI (28) boot: chip revision: v0.0[0m
[0;32mI (29) boot.esp32c6: SPI Speed      : 80MHz[0m
[0;32mI (34) boot.esp32c6: SPI Mode       : DIO[0m
[0;32mI (39) boot.esp32c6: SPI Flash Size : 2MB[0m
[0;32mI (44) boot: Enabling RNG early entropy source...[0m
[0;32mI (49) boot: Partition Table:[0m
[0;32mI (53) boot: ## Label            Usage          Type ST Offset   Length[0m
[0;32mI (60) boot:  0 nvs              WiFi data        01 02 00009000 00006000[0m
[0;32mI (67) boot:  1 phy_init         RF data          01 01 0000f000 00001000[0m
[0;32mI (75) boot:  2 factory          factory app      00 00 00010000 00100000[0m
[0;32mI (83) boot: End of partition table[0m
[0;32mI (87) esp_image: segment 0: paddr=00010020 vaddr=42018020 size=09e38h ( 40504) map[0m
[0;32mI (112) esp_image: segment 1: paddr=00019e60 vaddr=40800000 size=061b8h ( 25016) load[0m
[0;32mI (124) esp_image: segment 2: paddr=00020020 vaddr=42000020 size=1191ch ( 71964) map[0m
[0;32mI (155) esp_image: segment 3: paddr=00031944 vaddr=408061b8 size=0567ch ( 22140) load[0m
[0;32mI (166) esp_image: segment 4: paddr=00036fc8 vaddr=4080b840 size=01268h (  4712) load[0m
[0;32mI (175) boot: Loaded app from partition at offset 0x10000[0m
[0;32mI (175) boot: Disabling RNG early entropy source...[0m
[0;32mI (186) cpu_start: Unicore app[0m
[0;33mW (196) clk: esp_perip_clk_init() has not been implemented yet[0m
[0;32mI (202) cpu_start: Pro cpu start user code[0m
[0;32mI (203) cpu_start: cpu freq: 160000000 Hz[0m
[0;32mI (203) cpu_start: Application information:[0m
[0;32mI (206) cpu_start: Project name:     veml7700-esp-idf-main[0m
[0;32mI (212) cpu_start: App version:      1[0m
[0;32mI (216) cpu_start: Compile time:     Mar  2 2024 12:59:11[0m
[0;32mI (222) cpu_start: ELF file SHA256:  6da91035df8f5876...[0m
[0;32mI (228) cpu_start: ESP-IDF:          v5.2[0m
[0;32mI (233) cpu_start: Min chip rev:     v0.0[0m
[0;32mI (238) cpu_start: Max chip rev:     v0.99 [0m
[0;32mI (242) cpu_start: Chip rev:         v0.0[0m
[0;32mI (247) heap_init: Initializing. RAM available for dynamic allocation:[0m
[0;32mI (254) heap_init: At 4080D9F0 len 0006EC20 (443 KiB): RAM[0m
[0;32mI (260) heap_init: At 4087C610 len 00002F54 (11 KiB): RAM[0m
[0;32mI (267) heap_init: At 50000000 len 00003FE8 (15 KiB): RTCRAM[0m
[0;32mI (274) spi_flash: detected chip: generic[0m
[0;32mI (278) spi_flash: flash io: dio[0m
[0;33mW (281) spi_flash: Detected size(8192k) larger than the size in the binary image header(2048k). Using the size in the binary image header.[0m
[0;33mW (295) i2c: This driver is an old driver, please migrate your application code to adapt `driver/i2c_master.h`[0m
[0;32mI (305) sleep: Configure to isolate all GPIO pins in sleep state[0m
[0;32mI (312) sleep: Enable automatic switching of GPIO sleep configuration[0m
[0;32mI (319) coexist: coex firmware version: 77cd7f8[0m
[0;32mI (325) coexist: coexist rom version 5b8dcfa[0m
[0;32mI (330) main_task: Started on CPU0[0m
[0;32mI (330) main_task: Calling app_main()[0m
[0;32mI (330) gpio: GPIO[12]| InputEn: 0| OutputEn: 0| OpenDrain: 0| Pullup: 1| Pulldown: 0| Intr:0 [0m
ESP32 Initialized for I2C.
[0;32mI (350) VEML7700: Successfully initialized VEML7700 (Channel 0). Result: 0
[0m
[0;32mI (350) VEML7700: Successfully initialized VEML7700 (Channel 1). Result: 0
[0m
[0;32mI (360) VEML7700: Successfully initialized VEML7700 (Channel 2). Result: 0
[0m
[0;32mI (370) VEML7700: Successfully initialized VEML7700 (Channel 3). Result: 0
[0m
[0;32mI (380) VEML7700: Successfully initialized VEML7700 (Channel 4). Result: 0
[0m
